Total Solutions: 27

Solution 1: Alice David Grace Ivy Xavier
Solution 2: Alice David Grace Jack Xavier
Solution 3: Alice David Grace Noah Xavier
Solution 4: Alice David Grace Olivia Xavier
Solution 5: Alice David Grace Sophia Xavier
Solution 6: Alice David Ivy Jack Xavier
Solution 7: Alice David Ivy Sophia Xavier
Solution 8: Alice David Jack Noah Xavier
Solution 9: Alice David Noah Sophia Xavier
Solution 10: Alice Ivy Jack Will Xavier
Solution 11: Alice Ivy Sophia Will Xavier
Solution 12: Alice Jack Noah Will Xavier
Solution 13: Alice Noah Sophia Will Xavier
Solution 14: David Grace Ivy Jack Xavier
Solution 15: David Grace Ivy Noah Xavier
Solution 16: David Grace Ivy Olivia Xavier
Solution 17: David Grace Ivy Sophia Xavier
Solution 18: David Grace Jack Noah Xavier
Solution 19: David Grace Jack Olivia Xavier
Solution 20: David Grace Noah Olivia Xavier
Solution 21: David Grace Noah Sophia Xavier
Solution 22: David Ivy Jack Noah Xavier
Solution 23: David Ivy Jack Will Xavier
Solution 24: David Ivy Sophia Will Xavier
Solution 25: David Jack Noah Will Xavier
Solution 26: David Noah Sophia Will Xavier
Solution 27: Ivy Jack Noah Will Xavier
