Total Solutions: 305

Solution 1: Alice David Grace Henry Ivy Uma
Solution 2: Alice David Grace Henry Liam Uma
Solution 3: Alice David Grace Henry Mason Uma
Solution 4: Alice David Grace Henry Quinn Uma
Solution 5: Alice David Grace Henry Ryan Uma
Solution 6: Alice David Grace Henry Tyler Uma
Solution 7: Alice David Grace Henry Uma Xavier
Solution 8: Alice David Grace Ivy Liam Uma
Solution 9: Alice David Grace Ivy Mason Uma
Solution 10: Alice David Grace Ivy Quinn Uma
Solution 11: Alice David Grace Ivy Ryan Uma
Solution 12: Alice David Grace Ivy Tyler Uma
Solution 13: Alice David Grace Ivy Uma Xavier
Solution 14: Alice David Grace Liam Mason Uma
Solution 15: Alice David Grace Liam Quinn Uma
Solution 16: Alice David Grace Liam Ryan Uma
Solution 17: Alice David Grace Liam Tyler Uma
Solution 18: Alice David Grace Liam Uma Xavier
Solution 19: Alice David Grace Mason Quinn Uma
Solution 20: Alice David Grace Mason Ryan Uma
Solution 21: Alice David Grace Mason Tyler Uma
Solution 22: Alice David Grace Mason Uma Xavier
Solution 23: Alice David Grace Quinn Ryan Uma
Solution 24: Alice David Grace Quinn Tyler Uma
Solution 25: Alice David Grace Quinn Uma Xavier
Solution 26: Alice David Grace Ryan Tyler Uma
Solution 27: Alice David Grace Ryan Uma Xavier
Solution 28: Alice David Grace Tyler Uma Xavier
Solution 29: Alice David Henry Ivy Liam Uma
Solution 30: Alice David Henry Ivy Mason Uma
Solution 31: Alice David Henry Ivy Quinn Uma
Solution 32: Alice David Henry Ivy Ryan Uma
Solution 33: Alice David Henry Ivy Tyler Uma
Solution 34: Alice David Henry Ivy Uma Xavier
Solution 35: Alice David Ivy Liam Mason Uma
Solution 36: Alice David Ivy Liam Quinn Uma
Solution 37: Alice David Ivy Liam Ryan Uma
Solution 38: Alice David Ivy Liam Tyler Uma
Solution 39: Alice David Ivy Liam Uma Xavier
Solution 40: Alice David Ivy Mason Quinn Uma
Solution 41: Alice David Ivy Mason Ryan Uma
Solution 42: Alice David Ivy Mason Tyler Uma
Solution 43: Alice David Ivy Mason Uma Xavier
Solution 44: Alice David Ivy Quinn Ryan Uma
Solution 45: Alice David Ivy Quinn Tyler Uma
Solution 46: Alice David Ivy Quinn Uma Xavier
Solution 47: Alice David Ivy Ryan Tyler Uma
Solution 48: Alice David Ivy Ryan Uma Xavier
Solution 49: Alice David Ivy Tyler Uma Xavier
Solution 50: Alice Grace Henry Ivy Liam Uma
Solution 51: Alice Grace Henry Ivy Mason Uma
Solution 52: Alice Grace Henry Ivy Quinn Uma
Solution 53: Alice Grace Henry Ivy Ryan Uma
Solution 54: Alice Grace Henry Ivy Tyler Uma
Solution 55: Alice Grace Henry Ivy Uma Xavier
Solution 56: Alice Grace Henry Liam Mason Uma
Solution 57: Alice Grace Henry Liam Quinn Uma
Solution 58: Alice Grace Henry Liam Ryan Uma
Solution 59: Alice Grace Henry Liam Tyler Uma
Solution 60: Alice Grace Henry Liam Uma Xavier
Solution 61: Alice Grace Henry Mason Quinn Uma
Solution 62: Alice Grace Henry Mason Ryan Uma
Solution 63: Alice Grace Henry Mason Tyler Uma
Solution 64: Alice Grace Henry Mason Uma Xavier
Solution 65: Alice Grace Henry Quinn Ryan Uma
Solution 66: Alice Grace Henry Quinn Tyler Uma
Solution 67: Alice Grace Henry Quinn Uma Xavier
Solution 68: Alice Grace Henry Ryan Tyler Uma
Solution 69: Alice Grace Henry Ryan Uma Xavier
Solution 70: Alice Grace Henry Tyler Uma Xavier
Solution 71: Alice Grace Ivy Liam Mason Uma
Solution 72: Alice Grace Ivy Liam Quinn Uma
Solution 73: Alice Grace Ivy Liam Ryan Uma
Solution 74: Alice Grace Ivy Liam Tyler Uma
Solution 75: Alice Grace Ivy Liam Uma Xavier
Solution 76: Alice Grace Ivy Mason Tyler Uma
Solution 77: Alice Grace Ivy Mason Uma Xavier
Solution 78: Alice Grace Ivy Quinn Tyler Uma
Solution 79: Alice Grace Ivy Quinn Uma Xavier
Solution 80: Alice Grace Ivy Ryan Tyler Uma
Solution 81: Alice Grace Ivy Ryan Uma Xavier
Solution 82: Alice Grace Ivy Tyler Uma Xavier
Solution 83: Alice Grace Liam Mason Quinn Uma
Solution 84: Alice Grace Liam Mason Ryan Uma
Solution 85: Alice Grace Liam Mason Tyler Uma
Solution 86: Alice Grace Liam Mason Uma Xavier
Solution 87: Alice Grace Liam Quinn Ryan Uma
Solution 88: Alice Grace Liam Quinn Tyler Uma
Solution 89: Alice Grace Liam Quinn Uma Xavier
Solution 90: Alice Grace Liam Ryan Tyler Uma
Solution 91: Alice Grace Liam Ryan Uma Xavier
Solution 92: Alice Grace Liam Tyler Uma Xavier
Solution 93: Alice Grace Mason Quinn Tyler Uma
Solution 94: Alice Grace Mason Quinn Uma Xavier
Solution 95: Alice Grace Mason Ryan Tyler Uma
Solution 96: Alice Grace Mason Ryan Uma Xavier
Solution 97: Alice Grace Mason Tyler Uma Xavier
Solution 98: Alice Grace Quinn Ryan Tyler Uma
Solution 99: Alice Grace Quinn Ryan Uma Xavier
Solution 100: Alice Grace Quinn Tyler Uma Xavier
Solution 101: Alice Grace Ryan Tyler Uma Xavier
Solution 102: Alice Henry Ivy Liam Mason Uma
Solution 103: Alice Henry Ivy Liam Quinn Uma
Solution 104: Alice Henry Ivy Liam Ryan Uma
Solution 105: Alice Henry Ivy Liam Tyler Uma
Solution 106: Alice Henry Ivy Liam Uma Xavier
Solution 107: Alice Henry Ivy Mason Quinn Uma
Solution 108: Alice Henry Ivy Mason Ryan Uma
Solution 109: Alice Henry Ivy Mason Tyler Uma
Solution 110: Alice Henry Ivy Mason Uma Xavier
Solution 111: Alice Henry Ivy Quinn Ryan Uma
Solution 112: Alice Henry Ivy Quinn Tyler Uma
Solution 113: Alice Henry Ivy Quinn Uma Xavier
Solution 114: Alice Henry Ivy Ryan Tyler Uma
Solution 115: Alice Henry Ivy Ryan Uma Xavier
Solution 116: Alice Henry Ivy Tyler Uma Xavier
Solution 117: Alice Ivy Liam Mason Quinn Uma
Solution 118: Alice Ivy Liam Mason Ryan Uma
Solution 119: Alice Ivy Liam Mason Tyler Uma
Solution 120: Alice Ivy Liam Mason Uma Xavier
Solution 121: Alice Ivy Liam Quinn Ryan Uma
Solution 122: Alice Ivy Liam Quinn Tyler Uma
Solution 123: Alice Ivy Liam Quinn Uma Xavier
Solution 124: Alice Ivy Liam Ryan Tyler Uma
Solution 125: Alice Ivy Liam Ryan Uma Xavier
Solution 126: Alice Ivy Liam Tyler Uma Xavier
Solution 127: Alice Ivy Mason Quinn Tyler Uma
Solution 128: Alice Ivy Mason Quinn Uma Xavier
Solution 129: Alice Ivy Mason Ryan Tyler Uma
Solution 130: Alice Ivy Mason Ryan Uma Xavier
Solution 131: Alice Ivy Mason Tyler Uma Xavier
Solution 132: Alice Ivy Quinn Ryan Tyler Uma
Solution 133: Alice Ivy Quinn Ryan Uma Xavier
Solution 134: Alice Ivy Quinn Tyler Uma Xavier
Solution 135: Alice Ivy Ryan Tyler Uma Xavier
Solution 136: David Grace Henry Ivy Mason Uma
Solution 137: David Grace Henry Ivy Quinn Uma
Solution 138: David Grace Henry Ivy Ryan Uma
Solution 139: David Grace Henry Liam Mason Uma
Solution 140: David Grace Henry Liam Quinn Uma
Solution 141: David Grace Henry Liam Ryan Uma
Solution 142: David Grace Henry Mason Quinn Uma
Solution 143: David Grace Henry Mason Ryan Uma
Solution 144: David Grace Henry Mason Tyler Uma
Solution 145: David Grace Henry Mason Uma Xavier
Solution 146: David Grace Henry Quinn Ryan Uma
Solution 147: David Grace Henry Quinn Tyler Uma
Solution 148: David Grace Henry Quinn Uma Xavier
Solution 149: David Grace Henry Ryan Tyler Uma
Solution 150: David Grace Henry Ryan Uma Xavier
Solution 151: David Grace Ivy Liam Mason Uma
Solution 152: David Grace Ivy Liam Quinn Uma
Solution 153: David Grace Ivy Liam Ryan Uma
Solution 154: David Grace Ivy Mason Quinn Uma
Solution 155: David Grace Ivy Mason Ryan Uma
Solution 156: David Grace Ivy Mason Tyler Uma
Solution 157: David Grace Ivy Mason Uma Xavier
Solution 158: David Grace Ivy Quinn Ryan Uma
Solution 159: David Grace Ivy Quinn Tyler Uma
Solution 160: David Grace Ivy Quinn Uma Xavier
Solution 161: David Grace Ivy Ryan Tyler Uma
Solution 162: David Grace Ivy Ryan Uma Xavier
Solution 163: David Grace Liam Mason Quinn Uma
Solution 164: David Grace Liam Mason Ryan Uma
Solution 165: David Grace Liam Mason Tyler Uma
Solution 166: David Grace Liam Mason Uma Xavier
Solution 167: David Grace Liam Quinn Ryan Uma
Solution 168: David Grace Liam Quinn Tyler Uma
Solution 169: David Grace Liam Quinn Uma Xavier
Solution 170: David Grace Liam Ryan Tyler Uma
Solution 171: David Grace Liam Ryan Uma Xavier
Solution 172: David Grace Mason Quinn Ryan Uma
Solution 173: David Grace Mason Quinn Tyler Uma
Solution 174: David Grace Mason Quinn Uma Xavier
Solution 175: David Grace Mason Ryan Tyler Uma
Solution 176: David Grace Mason Ryan Uma Xavier
Solution 177: David Grace Mason Tyler Uma Xavier
Solution 178: David Grace Quinn Ryan Tyler Uma
Solution 179: David Grace Quinn Ryan Uma Xavier
Solution 180: David Grace Quinn Tyler Uma Xavier
Solution 181: David Grace Ryan Tyler Uma Xavier
Solution 182: David Henry Ivy Liam Mason Uma
Solution 183: David Henry Ivy Liam Quinn Uma
Solution 184: David Henry Ivy Liam Ryan Uma
Solution 185: David Henry Ivy Mason Quinn Uma
Solution 186: David Henry Ivy Mason Ryan Uma
Solution 187: David Henry Ivy Mason Tyler Uma
Solution 188: David Henry Ivy Mason Uma Xavier
Solution 189: David Henry Ivy Quinn Tyler Uma
Solution 190: David Henry Ivy Ryan Tyler Uma
Solution 191: David Ivy Liam Mason Quinn Uma
Solution 192: David Ivy Liam Mason Ryan Uma
Solution 193: David Ivy Liam Mason Tyler Uma
Solution 194: David Ivy Liam Mason Uma Xavier
Solution 195: David Ivy Liam Quinn Ryan Uma
Solution 196: David Ivy Liam Quinn Tyler Uma
Solution 197: David Ivy Liam Quinn Uma Xavier
Solution 198: David Ivy Liam Ryan Tyler Uma
Solution 199: David Ivy Liam Ryan Uma Xavier
Solution 200: David Ivy Mason Quinn Ryan Uma
Solution 201: David Ivy Mason Quinn Tyler Uma
Solution 202: David Ivy Mason Quinn Uma Xavier
Solution 203: David Ivy Mason Ryan Tyler Uma
Solution 204: David Ivy Mason Ryan Uma Xavier
Solution 205: David Ivy Mason Tyler Uma Xavier
Solution 206: David Ivy Quinn Ryan Tyler Uma
Solution 207: David Ivy Quinn Tyler Uma Xavier
Solution 208: David Ivy Ryan Tyler Uma Xavier
Solution 209: Grace Henry Ivy Liam Mason Uma
Solution 210: Grace Henry Ivy Liam Quinn Uma
Solution 211: Grace Henry Ivy Liam Ryan Uma
Solution 212: Grace Henry Ivy Mason Quinn Uma
Solution 213: Grace Henry Ivy Mason Ryan Uma
Solution 214: Grace Henry Ivy Mason Tyler Uma
Solution 215: Grace Henry Ivy Mason Uma Xavier
Solution 216: Grace Henry Ivy Quinn Ryan Uma
Solution 217: Grace Henry Ivy Quinn Tyler Uma
Solution 218: Grace Henry Ivy Quinn Uma Xavier
Solution 219: Grace Henry Ivy Ryan Tyler Uma
Solution 220: Grace Henry Ivy Ryan Uma Xavier
Solution 221: Grace Henry Liam Mason Quinn Uma
Solution 222: Grace Henry Liam Mason Ryan Uma
Solution 223: Grace Henry Liam Mason Tyler Uma
Solution 224: Grace Henry Liam Mason Uma Xavier
Solution 225: Grace Henry Liam Quinn Ryan Uma
Solution 226: Grace Henry Liam Quinn Tyler Uma
Solution 227: Grace Henry Liam Quinn Uma Xavier
Solution 228: Grace Henry Liam Ryan Tyler Uma
Solution 229: Grace Henry Liam Ryan Uma Xavier
Solution 230: Grace Henry Mason Quinn Ryan Uma
Solution 231: Grace Henry Mason Quinn Tyler Uma
Solution 232: Grace Henry Mason Quinn Uma Xavier
Solution 233: Grace Henry Mason Ryan Tyler Uma
Solution 234: Grace Henry Mason Ryan Uma Xavier
Solution 235: Grace Henry Mason Tyler Uma Xavier
Solution 236: Grace Henry Quinn Ryan Tyler Uma
Solution 237: Grace Henry Quinn Ryan Uma Xavier
Solution 238: Grace Henry Quinn Tyler Uma Xavier
Solution 239: Grace Henry Ryan Tyler Uma Xavier
Solution 240: Grace Ivy Liam Mason Quinn Uma
Solution 241: Grace Ivy Liam Mason Ryan Uma
Solution 242: Grace Ivy Liam Mason Tyler Uma
Solution 243: Grace Ivy Liam Mason Uma Xavier
Solution 244: Grace Ivy Liam Quinn Ryan Uma
Solution 245: Grace Ivy Liam Quinn Tyler Uma
Solution 246: Grace Ivy Liam Quinn Uma Xavier
Solution 247: Grace Ivy Liam Ryan Tyler Uma
Solution 248: Grace Ivy Liam Ryan Uma Xavier
Solution 249: Grace Ivy Mason Quinn Tyler Uma
Solution 250: Grace Ivy Mason Quinn Uma Xavier
Solution 251: Grace Ivy Mason Ryan Tyler Uma
Solution 252: Grace Ivy Mason Ryan Uma Xavier
Solution 253: Grace Ivy Mason Tyler Uma Xavier
Solution 254: Grace Ivy Quinn Ryan Tyler Uma
Solution 255: Grace Ivy Quinn Ryan Uma Xavier
Solution 256: Grace Ivy Quinn Tyler Uma Xavier
Solution 257: Grace Ivy Ryan Tyler Uma Xavier
Solution 258: Grace Liam Mason Quinn Ryan Uma
Solution 259: Grace Liam Mason Quinn Tyler Uma
Solution 260: Grace Liam Mason Quinn Uma Xavier
Solution 261: Grace Liam Mason Ryan Tyler Uma
Solution 262: Grace Liam Mason Ryan Uma Xavier
Solution 263: Grace Liam Mason Tyler Uma Xavier
Solution 264: Grace Liam Quinn Ryan Tyler Uma
Solution 265: Grace Liam Quinn Ryan Uma Xavier
Solution 266: Grace Liam Quinn Tyler Uma Xavier
Solution 267: Grace Liam Ryan Tyler Uma Xavier
Solution 268: Grace Mason Quinn Ryan Tyler Uma
Solution 269: Grace Mason Quinn Ryan Uma Xavier
Solution 270: Grace Mason Quinn Tyler Uma Xavier
Solution 271: Grace Mason Ryan Tyler Uma Xavier
Solution 272: Grace Quinn Ryan Tyler Uma Xavier
Solution 273: Henry Ivy Liam Mason Quinn Uma
Solution 274: Henry Ivy Liam Mason Ryan Uma
Solution 275: Henry Ivy Liam Mason Tyler Uma
Solution 276: Henry Ivy Liam Mason Uma Xavier
Solution 277: Henry Ivy Liam Quinn Ryan Uma
Solution 278: Henry Ivy Liam Quinn Tyler Uma
Solution 279: Henry Ivy Liam Quinn Uma Xavier
Solution 280: Henry Ivy Liam Ryan Tyler Uma
Solution 281: Henry Ivy Liam Ryan Uma Xavier
Solution 282: Henry Ivy Mason Quinn Ryan Uma
Solution 283: Henry Ivy Mason Quinn Tyler Uma
Solution 284: Henry Ivy Mason Quinn Uma Xavier
Solution 285: Henry Ivy Mason Ryan Tyler Uma
Solution 286: Henry Ivy Mason Ryan Uma Xavier
Solution 287: Henry Ivy Mason Tyler Uma Xavier
Solution 288: Henry Ivy Quinn Ryan Tyler Uma
Solution 289: Henry Ivy Quinn Tyler Uma Xavier
Solution 290: Henry Ivy Ryan Tyler Uma Xavier
Solution 291: Ivy Liam Mason Quinn Ryan Uma
Solution 292: Ivy Liam Mason Quinn Tyler Uma
Solution 293: Ivy Liam Mason Quinn Uma Xavier
Solution 294: Ivy Liam Mason Ryan Tyler Uma
Solution 295: Ivy Liam Mason Ryan Uma Xavier
Solution 296: Ivy Liam Mason Tyler Uma Xavier
Solution 297: Ivy Liam Quinn Ryan Tyler Uma
Solution 298: Ivy Liam Quinn Ryan Uma Xavier
Solution 299: Ivy Liam Quinn Tyler Uma Xavier
Solution 300: Ivy Liam Ryan Tyler Uma Xavier
Solution 301: Ivy Mason Quinn Ryan Tyler Uma
Solution 302: Ivy Mason Quinn Ryan Uma Xavier
Solution 303: Ivy Mason Quinn Tyler Uma Xavier
Solution 304: Ivy Mason Ryan Tyler Uma Xavier
Solution 305: Ivy Quinn Ryan Tyler Uma Xavier
